// Jest Snapshot v1, https://goo.gl/fbAQLP

exports[`should render header 1`] = `
<Unknown>
  <header>
    <h1>
      Expenify
    </h1>
    <nav>
      <NavLink
        activeClassName="is-active"
        ariaCurrent="true"
        exact={true}
        to="/"
      >
        Dashboard
      </NavLink>
      <NavLink
        activeClassName="is-active"
        ariaCurrent="true"
        to="/create"
      >
        Add
      </NavLink>
    </nav>
  </header>
</Unknown>
`;
