// Jest Snapshot v1, https://goo.gl/fbAQLP

exports[`Should have a dashboard 1`] = `
<React.Fragment>
  <Connect(ExpensesSummary) />
  <Connect(ExpenseListFilters) />
  <Connect(ExpenseList) />
</React.Fragment>
`;
