// Jest Snapshot v1, https://goo.gl/fbAQLP

exports[`Should render Expense list item 1`] = `
<React.Fragment>
  <Link
    replace={false}
    to="/edit/3"
  >
    <h3>
      Credit Card
    </h3>
  </Link>
  <p>
    $45.00
    -
    4th January 1970
  </p>
</React.Fragment>
`;
