// Jest Snapshot v1, https://goo.gl/fbAQLP

exports[`Should have a dashboard 1`] = `
<React.Fragment>
  <h1>
    Opsss! 404
  </h1>
  404 - 
  <Link
    replace={false}
    to="/"
  >
    Go home
  </Link>
</React.Fragment>
`;
